Vercel CLI 59.23.2 (Node.js 24.15.0)
Error: Worker timed out after 10 seconds
{
  "loggedIn": false,
  "status": "action_required",
  "reason": "login_required",
  "message": "A new login is required. Run `vercel login` to continue.",
  "hint": "Ask the user to complete login in an interactive terminal, or provide credentials through VERCEL_TOKEN. Retry only after authentication completes.",
  "credentialSource": "saved_login",
  "retryable": false,
  "userActionRequired": true,
  "next": [
    {
      "command": "vercel login",
      "when": "The user runs this in an interactive terminal to complete browser authentication"
    }
  ]
}
> Failed to spawn get latest worker: Error: write EPIPE
    at target._send (node:internal/child_process:900:20)
    at target.send (node:internal/child_process:775:19)
    at ChildProcess.<anonymous> (file:///E:/myself/pre_training-r06/delivery/audits/R06/tmp/cli/node_modules/vercel/dist/index.js:7:8046)
    at Object.onceWrapper (node:events:631:26)
    at ChildProcess.emit (node:events:509:28)
    at emit (node:internal/child_process:972:14)
    at process.processTicksAndRejections (node:internal/process/task_queues:91:21)
