
> pre-training-site@0.1.0 build
> node scripts/build.mjs production

23:21:51 [content] Syncing content
23:21:51 [content] Synced content
23:21:51 [types] Generated 1.96s
23:21:52 [build] output: "static"
23:21:52 [build] mode: "static"
23:21:52 [build] directory: E:\myself\pre_training-apps\site\dist\
23:21:52 [build] Collecting build info...
23:21:52 [build] ✓ Completed in 2.30s.
23:21:52 [build] Building static entrypoints...
23:21:53 [vite] ✓ built in 806ms
23:21:53 [vite] ✓ built in 185ms
23:21:53 [build] Rearranging server assets...

 generating static routes 
23:21:53   ├─ /404.html (+53ms) 
23:21:53   ├─ /resume/index.html (+17ms) 
23:21:53   ├─ /work/kin/index.html (+18ms) 
23:21:53   ├─ /work/spps/index.html (+7ms) 
23:21:53   ├─ /work/qq-lingxi/index.html (+8ms) 
23:21:53   ├─ /work/pet/index.html (+7ms) 
23:21:53   ├─ /work/teaching/index.html (+8ms) 
23:21:53   ├─ /work/natural-product/index.html (+7ms) 
23:21:53   ├─ /index.html (+16ms) 
23:21:53 ✓ Completed in 244ms.

23:21:53 [build] ✓ Completed in 1.40s.
23:21:53 [build] 9 page(s) built in 3.77s
23:21:53 [build] Complete!
Public output audit: {"files":["404.html","favicon.svg","index.html","robots.txt","sitemap.xml","downloads/zhang-shuo-resume.pdf","media/everwhile-01.png","media/everwhile-02.png","media/everwhile-03.png","media/everwhile-04.png","media/everwhile-film-en.mp4","media/kin-call.webp","media/kin-cover.webp","media/kin-day.webp","media/kin-film.mp4","media/kin-preview.mp4","media/lecture-01.png","media/lecture-02.png","media/lecture-03.png","media/lecture-04.png","media/lecture-05.png","media/lecture-06.png","media/lecture-film-en.mp4","media/lecture-film-zh.mp4","media/qq-film.mp4","media/qq-match.webp","media/qq-negotiate.webp","media/qq-preview.mp4","media/qq-profile.webp","media/spps-front.webp","media/spps-hero.webp","media/spps-monitor.mp4","media/spps-operation.mp4","media/spps-operation.webp","media/spps-room.webp","media/spps-side.webp","resume/index.html","_astro/GalleryRuntime.astro_astro_type_script_index_0_lang.DHOWwbz1.js","_astro/site.Ba6vBNS0.css","work/kin/index.html","work/natural-product/index.html","work/pet/index.html","work/qq-lingxi/index.html","work/spps/index.html","work/teaching/index.html"],"total_bytes":30259269,"client_js_bytes":4023,"approved_media":30,"result":"pass"}
