Vercel CLI 59.23.2 (Node.js 24.15.0)
Fetching deployment "dpl_Cgrah1FZN6AwbCSKJr5cYd1vTazh" in zhangsfishs-projects
> Fetched deployment "zhang-shuo-portfolio-7ifrljhum-zhangsfishs-projects.vercel.app" in zhangsfishs-projects [1s]

  General

    id		dpl_Cgrah1FZN6AwbCSKJr5cYd1vTazh
    name	zhang-shuo-portfolio
    target	production
    status	● Ready
    url		https://zhang-shuo-portfolio-7ifrljhum-zhangsfishs-projects.vercel.app
    created	Wed Oct 07 2026 23:25:08 GMT+0800 (中国标准时间) [49s ago]


  Build Machine

    requested build machine basic
    actual assigned cores   2 vCPU (actual assignment)
    memory                  8192 MiB
    selection type          fixed
    selection source        plan-default


  Duration

    build duration	6s
    post-build duration	7s
    billable duration	1m
    CPU Minutes Usage	2 minutes (1m x 2vCPU)


  Aliases

    ╶ https://zhang-shuo-portfolio.vercel.app
    ╶ https://zhang-shuo-portfolio-zhangsfishs-projects.vercel.app
    

  Builds

    ╶ .        [0ms]
    

