Vercel CLI 59.23.2 (Node.js 24.15.0)
Deploying zhang-shuo-portfolio
Uploading [--------------------] (0.0B/84KB)
Uploading [========------------] (36.3KB/84KB)
Uploading [============--------] (51.3KB/84KB)
Uploading [===============-----] (66.1KB/84KB)
Uploading [====================] (84.0KB/84KB)
  Inspect         https://vercel.com/zhangsfishs-projects/zhang-shuo-portfolio/Cgrah1FZN6AwbCSKJr5cYd1vTazh
  Production      https://zhang-shuo-portfolio-7ifrljhum-zhangsfishs-projects.vercel.app
Building…
Running build in Washington, D.C., USA (East) – iad1
Build machine configuration: 2 cores, 8 GB
Retrieving list of deployment files...
Retrieving list of deployment files...
Previous build caches not available.
Downloading 46 deployment files...
Using prebuilt build artifacts from .vercel/output
Learn more: https://vercel.link/build-output-api
Deploying outputs...
[2K[1A[2K[G  Production      https://zhang-shuo-portfolio-7ifrljhum-zhangsfishs-projects.vercel.app
Completing…
▲ Aliased         https://zhang-shuo-portfolio.vercel.app
{
  "status": "ok",
  "deployment": {
    "id": "dpl_Cgrah1FZN6AwbCSKJr5cYd1vTazh",
    "url": "https://zhang-shuo-portfolio-7ifrljhum-zhangsfishs-projects.vercel.app",
    "inspectorUrl": "https://vercel.com/zhangsfishs-projects/zhang-shuo-portfolio/Cgrah1FZN6AwbCSKJr5cYd1vTazh",
    "readyState": "READY",
    "target": "production",
    "deploymentApiUrl": "https://api.vercel.com/v13/deployments/dpl_Cgrah1FZN6AwbCSKJr5cYd1vTazh",
    "buildMachine": {
      "cores": 2,
      "memory": 8192,
      "machine": "basic",
      "selectionType": "fixed",
      "selectionSource": "plan-default"
    }
  },
  "message": "Deployment zhang-shuo-portfolio-7ifrljhum-zhangsfishs-projects.vercel.app ready.",
  "next": [
    {
      "command": "vercel git connect --scope zhangsfishs-projects --non-interactive --cwd E:/myself/pre_training-apps/delivery/maintenance/independent-apps/tmp/deploy-03",
      "when": "Automatically deploy changes on every push"
    },
    {
      "command": "vercel curl https://zhang-shuo-portfolio-7ifrljhum-zhangsfishs-projects.vercel.app",
      "when": "Verify deployment, including when Deployment Protection is enabled"
    },
    {
      "command": "vercel inspect zhang-shuo-portfolio-7ifrljhum-zhangsfishs-projects.vercel.app --scope zhangsfishs-projects --non-interactive --cwd E:/myself/pre_training-apps/delivery/maintenance/independent-apps/tmp/deploy-03",
      "when": "Inspect deployment"
    },
    {
      "command": "vercel deploy --prod --scope zhangsfishs-projects --non-interactive --cwd E:/myself/pre_training-apps/delivery/maintenance/independent-apps/tmp/deploy-03",
      "when": "Promote to production"
    }
  ]
}
