command: npm --prefix site run audit:dist
cwd: .
started_at: 2026-09-20T00:42:28.0779612Z
node: v24.15.0
npm: 11.12.1
exit_code: 0

> pre-training-site@0.1.0 audit:dist
> node scripts/audit-dist.mjs

{
  "files": [
    "404.html",
    "index.html",
    "resume/index.html",
    "_astro/site.LYHxabVX.css",
    "work/kin/index.html",
    "work/pet/index.html",
    "work/qq-lingxi/index.html",
    "work/spps/index.html"
  ],
  "total_bytes": 36057,
  "client_js_bytes": 0,
  "approved_media": 0,
  "result": "pass"
}
