npm warn Unknown env config "http-proxy". This will stop working in the next major version of npm.

> pre-training-site@0.1.0 build
> node scripts/build.mjs production

07:14:03 [content] Syncing content
07:14:03 [content] Synced content
07:14:03 [types] Generated 474ms
07:14:03 [build] output: "static"
07:14:03 [build] mode: "static"
07:14:03 [build] directory: /workspace/scratch/a1f18b1bda8c/portfolio/site/dist/
07:14:03 [build] Collecting build info...
07:14:03 [build] ✓ Completed in 539ms.
07:14:03 [build] Building static entrypoints...
07:14:03 [vite] ✓ built in 401ms
07:14:03 [vite] ✓ built in 39ms
07:14:03 [build] Rearranging server assets...

 generating static routes 
07:14:03   ├─ /404.html (+12ms) 
07:14:03   ├─ /resume/index.html (+4ms) 
07:14:03   ├─ /work/kin/index.html (+3ms) 
07:14:03   ├─ /work/spps/index.html (+1ms) 
07:14:03   ├─ /work/qq-lingxi/index.html (+2ms) 
07:14:03   ├─ /work/pet/index.html (+2ms) 
07:14:03   ├─ /index.html (+3ms) 
07:14:03 ✓ Completed in 42ms.

07:14:03 [build] ✓ Completed in 514ms.
07:14:03 [build] 7 page(s) built in 1.06s
07:14:03 [build] Complete!
Public output audit: {"files":["404.html","index.html","robots.txt","sitemap.xml","_astro/GalleryRuntime.astro_astro_type_script_index_0_lang.LNN8EulC.js","_astro/site.4bs0aM4Z.css","downloads/zhang-shuo-resume.pdf","media/kin-call.webp","media/kin-cover.webp","media/kin-day.webp","media/kin-film.mp4","media/kin-preview.mp4","media/qq-film.mp4","media/qq-match.webp","media/qq-negotiate.webp","media/qq-preview.mp4","media/qq-profile.webp","media/spps-front.webp","media/spps-hero.webp","media/spps-monitor.mp4","media/spps-operation.mp4","media/spps-operation.webp","media/spps-room.webp","media/spps-side.webp","resume/index.html","work/kin/index.html","work/pet/index.html","work/qq-lingxi/index.html","work/spps/index.html"],"total_bytes":22420428,"client_js_bytes":2952,"approved_media":17,"result":"pass"}
