
> pre-training-site@0.1.0 build
> node scripts/build.mjs production

03:04:54 [content] Syncing content
03:04:54 [content] Synced content
03:04:54 [types] Generated 2.07s
03:04:55 [build] output: "static"
03:04:55 [build] mode: "static"
03:04:55 [build] directory: E:\myself\pre_training-home-release\site\dist\
03:04:55 [build] Collecting build info...
03:04:55 [build] ✓ Completed in 2.30s.
03:04:55 [build] Building static entrypoints...
03:04:56 [vite] ✓ built in 1.41s
03:04:56 [vite] ✓ built in 155ms
03:04:56 [build] Rearranging server assets...

 generating static routes
03:04:56   ├─ /404.html (+58ms)
03:04:56   ├─ /resume/index.html (+17ms)
03:04:56   ├─ /work/kin/index.html (+15ms)
03:04:56   ├─ /work/spps/index.html (+8ms)
03:04:56   ├─ /work/qq-lingxi/index.html (+8ms)
03:04:56   ├─ /work/pet/index.html (+8ms)
03:04:56   ├─ /work/teaching/index.html (+6ms)
03:04:57   ├─ /work/natural-product/index.html (+8ms)
03:04:57   ├─ /index.html (+15ms)
03:04:57 ✓ Completed in 265ms.

03:04:57 [build] ✓ Completed in 2.00s.
03:04:57 [build] 9 page(s) built in 4.31s
03:04:57 [build] Complete!
Public output audit: {"files":["404.html","index.html","robots.txt","sitemap.xml","downloads/zhang-shuo-resume.pdf","media/kin-call.webp","media/kin-cover.webp","media/kin-day.webp","media/kin-film.mp4","media/kin-preview.mp4","media/qq-film.mp4","media/qq-match.webp","media/qq-negotiate.webp","media/qq-preview.mp4","media/qq-profile.webp","media/spps-front.webp","media/spps-hero.webp","media/spps-monitor.mp4","media/spps-operation.mp4","media/spps-operation.webp","media/spps-room.webp","media/spps-side.webp","resume/index.html","_astro/GalleryRuntime.astro_astro_type_script_index_0_lang.LNN8EulC.js","_astro/site.LVWQMp7a.css","work/kin/index.html","work/natural-product/index.html","work/pet/index.html","work/qq-lingxi/index.html","work/spps/index.html","work/teaching/index.html"],"total_bytes":22364182,"client_js_bytes":2952,"approved_media":17,"result":"pass"}
