Vercel CLI 59.23.2 (Node.js 24.15.0)
Fetching deployment "dpl_QGDVe9yHQHvQBzXvRLcnQgjDP8cp" in zhangsfishs-projects
> Fetched deployment "zhang-shuo-portfolio-cqr7ec31y-zhangsfishs-projects.vercel.app" in zhangsfishs-projects [611ms]

  General

    id		dpl_QGDVe9yHQHvQBzXvRLcnQgjDP8cp
    name	zhang-shuo-portfolio
    target	production
    status	● Ready
    url		https://zhang-shuo-portfolio-cqr7ec31y-zhangsfishs-projects.vercel.app
    created	Mon Sep 21 2026 03:06:56 GMT+0800 (中国标准时间) [24s ago]


  Build Machine

    requested build machine basic
    actual assigned cores   unavailable
    selection type          fixed
    selection source        plan-default


  Duration

    build duration	unavailable
    post-build duration	unavailable
    billable duration	unavailable
    CPU Minutes Usage	unavailable


  Aliases

    ╶ https://zhang-shuo-portfolio.vercel.app
    ╶ https://zhang-shuo-portfolio-zhangsfishs-projects.vercel.app


  Builds

    ╶ .        [0ms]


  Routes

    ╶ ^/(.*)$      ->      /404.html      [404]
    ╶ filesystem
