
> pre-training-site@0.1.0 build
> node scripts/build.mjs production

22:06:56 [content] Syncing content
22:06:56 [content] Synced content
22:06:56 [types] Generated 1.93s
22:06:56 [build] output: "static"
22:06:56 [build] mode: "static"
22:06:56 [build] directory: E:\myself\pre_training-apps\site\dist\
22:06:56 [build] Collecting build info...
22:06:56 [build] ✓ Completed in 2.36s.
22:06:56 [build] Building static entrypoints...
22:06:57 [vite] ✓ built in 1.03s
22:06:58 [vite] ✓ built in 185ms
22:06:58 [build] Rearranging server assets...

 generating static routes 
22:06:58   ├─ /404.html (+74ms) 
22:06:58   ├─ /resume/index.html (+21ms) 
22:06:58   ├─ /work/kin/index.html (+21ms) 
22:06:58   ├─ /work/spps/index.html (+9ms) 
22:06:58   ├─ /work/qq-lingxi/index.html (+9ms) 
22:06:58   ├─ /work/pet/index.html (+8ms) 
22:06:58   ├─ /work/teaching/index.html (+8ms) 
22:06:58   ├─ /work/natural-product/index.html (+8ms) 
22:06:58   ├─ /index.html (+20ms) 
22:06:58 ✓ Completed in 313ms.

22:06:58 [build] ✓ Completed in 1.71s.
22:06:58 [build] 9 page(s) built in 4.11s
22:06:58 [build] Complete!
Public output audit: {"files":["404.html","favicon.svg","index.html","robots.txt","sitemap.xml","downloads/zhang-shuo-resume.pdf","media/everwhile-01.png","media/everwhile-02.png","media/everwhile-03.png","media/everwhile-04.png","media/everwhile-film-en.mp4","media/kin-call.webp","media/kin-cover.webp","media/kin-day.webp","media/kin-film.mp4","media/kin-preview.mp4","media/lecture-01.png","media/lecture-02.png","media/lecture-03.png","media/lecture-04.png","media/lecture-05.png","media/lecture-06.png","media/lecture-film-en.mp4","media/lecture-film-zh.mp4","media/qq-film.mp4","media/qq-match.webp","media/qq-negotiate.webp","media/qq-preview.mp4","media/qq-profile.webp","media/spps-front.webp","media/spps-hero.webp","media/spps-monitor.mp4","media/spps-operation.mp4","media/spps-operation.webp","media/spps-room.webp","media/spps-side.webp","resume/index.html","_astro/GalleryRuntime.astro_astro_type_script_index_0_lang.DHOWwbz1.js","_astro/site.CjM9vapD.css","work/kin/index.html","work/natural-product/index.html","work/pet/index.html","work/qq-lingxi/index.html","work/spps/index.html","work/teaching/index.html"],"total_bytes":30258687,"client_js_bytes":4023,"approved_media":30,"result":"pass"}
