Vercel CLI 59.23.2 (Node.js 24.15.0)
Deploying zhang-shuo-portfolio
Uploading [--------------------] (0.0B/4.1MB)
Uploading [=====---------------] (1.0MB/4.1MB)
Uploading [==========----------] (2.0MB/4.1MB)
Uploading [===============-----] (3.1MB/4.1MB)
Uploading [====================] (4.1MB/4.1MB)
  Inspect         https://vercel.com/zhangsfishs-projects/zhang-shuo-portfolio/HK36VxCQCPTus9WMxQ937dkYianT
  Production      https://zhang-shuo-portfolio-glvahdd07-zhangsfishs-projects.vercel.app
Building…
Running build in Washington, D.C., USA (East) – iad1
Build machine configuration: 2 cores, 8 GB
Retrieving list of deployment files...
Previous build caches not available.
Downloading 46 deployment files...
[2K[1A[2K[G  Production      https://zhang-shuo-portfolio-glvahdd07-zhangsfishs-projects.vercel.app
Completing…
▲ Aliased         https://zhang-shuo-portfolio.vercel.app
{
  "status": "ok",
  "deployment": {
    "id": "dpl_HK36VxCQCPTus9WMxQ937dkYianT",
    "url": "https://zhang-shuo-portfolio-glvahdd07-zhangsfishs-projects.vercel.app",
    "inspectorUrl": "https://vercel.com/zhangsfishs-projects/zhang-shuo-portfolio/HK36VxCQCPTus9WMxQ937dkYianT",
    "readyState": "READY",
    "target": "production",
    "deploymentApiUrl": "https://api.vercel.com/v13/deployments/dpl_HK36VxCQCPTus9WMxQ937dkYianT",
    "buildMachine": {
      "cores": 2,
      "memory": 8192,
      "machine": "basic",
      "selectionType": "fixed",
      "selectionSource": "plan-default"
    }
  },
  "message": "Deployment zhang-shuo-portfolio-glvahdd07-zhangsfishs-projects.vercel.app ready.",
  "next": [
    {
      "command": "vercel git connect --scope zhangsfishs-projects --non-interactive --cwd E:/myself/pre_training-apps/delivery/maintenance/independent-apps/tmp/deploy-02",
      "when": "Automatically deploy changes on every push"
    },
    {
      "command": "vercel curl https://zhang-shuo-portfolio-glvahdd07-zhangsfishs-projects.vercel.app",
      "when": "Verify deployment, including when Deployment Protection is enabled"
    },
    {
      "command": "vercel inspect zhang-shuo-portfolio-glvahdd07-zhangsfishs-projects.vercel.app --scope zhangsfishs-projects --non-interactive --cwd E:/myself/pre_training-apps/delivery/maintenance/independent-apps/tmp/deploy-02",
      "when": "Inspect deployment"
    },
    {
      "command": "vercel deploy --prod --scope zhangsfishs-projects --non-interactive --cwd E:/myself/pre_training-apps/delivery/maintenance/independent-apps/tmp/deploy-02",
      "when": "Promote to production"
    }
  ]
}
