
> pre-training-site@0.1.0 build
> node scripts/build.mjs production

15:10:51 [content] Syncing content
15:10:51 [content] Synced content
15:10:51 [types] Generated 1.29s
15:10:51 [build] output: "static"
15:10:51 [build] mode: "static"
15:10:51 [build] directory: E:\myself\pre_training-apps\site\dist\
15:10:51 [build] Collecting build info...
15:10:51 [build] ✓ Completed in 1.58s.
15:10:51 [build] Building static entrypoints...
15:10:52 [vite] ✓ built in 584ms
15:10:52 [vite] ✓ built in 123ms
15:10:52 [build] Rearranging server assets...

 generating static routes 
15:10:52   ├─ /404.html (+38ms) 
15:10:52   ├─ /resume/index.html (+15ms) 
15:10:52   ├─ /work/kin/index.html (+14ms) 
15:10:52   ├─ /work/spps/index.html (+6ms) 
15:10:52   ├─ /work/qq-lingxi/index.html (+5ms) 
15:10:52   ├─ /work/pet/index.html (+5ms) 
15:10:52   ├─ /work/teaching/index.html (+6ms) 
15:10:52   ├─ /work/natural-product/index.html (+4ms) 
15:10:52   ├─ /index.html (+12ms) 
15:10:52 ✓ Completed in 180ms.

15:10:52 [build] ✓ Completed in 1.00s.
15:10:52 [build] 9 page(s) built in 2.61s
15:10:52 [build] Complete!
Public output audit: {"files":["404.html","favicon.svg","index.html","robots.txt","sitemap.xml","downloads/zhang-shuo-resume.pdf","media/everwhile-01.png","media/everwhile-02.png","media/everwhile-03.png","media/everwhile-04.png","media/kin-call.webp","media/kin-cover.webp","media/kin-day.webp","media/kin-film.mp4","media/kin-preview.mp4","media/lecture-01.png","media/lecture-02.png","media/lecture-03.png","media/lecture-04.png","media/lecture-05.png","media/lecture-06.png","media/lecture-film-portfolio.mp4","media/qq-film.mp4","media/qq-match.webp","media/qq-negotiate.webp","media/qq-preview.mp4","media/qq-profile.webp","media/spps-front.webp","media/spps-hero.webp","media/spps-monitor.mp4","media/spps-operation.mp4","media/spps-operation.webp","media/spps-room.webp","media/spps-side.webp","resume/index.html","_astro/GalleryRuntime.astro_astro_type_script_index_0_lang.DzNZtxdE.js","_astro/site.DWq8THon.css","work/kin/index.html","work/natural-product/index.html","work/pet/index.html","work/qq-lingxi/index.html","work/spps/index.html","work/teaching/index.html"],"total_bytes":27865427,"client_js_bytes":3563,"approved_media":28,"result":"pass"}
