command=npm.cmd --prefix site run audit:dist
cwd=E:/myself/pre_training
started_at=2026-09-20T01:37:41.4737326Z
node=v24.15.0
npm=11.12.1

> pre-training-site@0.1.0 audit:dist
> node scripts/audit-dist.mjs

{
  "files": [
    "404.html",
    "index.html",
    "downloads/zhang-shuo-resume.pdf",
    "resume/index.html",
    "_astro/site.LYHxabVX.css",
    "work/kin/index.html",
    "work/pet/index.html",
    "work/qq-lingxi/index.html",
    "work/spps/index.html"
  ],
  "total_bytes": 202411,
  "client_js_bytes": 0,
  "approved_media": 0,
  "result": "pass"
}

exit_code=0
