command: npm --prefix site run review:build
cwd: .
started_at: 2026-09-19T19:20:52.0155500Z
node: v24.15.0
npm: 11.12.1
exit_code: 0

> pre-training-site@0.1.0 review:build
> node scripts/build.mjs review

03:20:55 [content] Syncing content
03:20:55 [content] Synced content
03:20:55 [types] Generated 991ms
03:20:55 [build] output: "static"
03:20:55 [build] mode: "static"
03:20:55 [build] directory: <repo>\site\.review-dist\
03:20:55 [build] Collecting build info...
03:20:55 [build] ✓ Completed in 1.06s.
03:20:55 [build] Building static entrypoints...
03:20:56 [vite] ✓ built in 762ms
03:20:56 [vite] ✓ built in 56ms
03:20:56 [build] Rearranging server assets...

 generating static routes 
03:20:56   ├─ /review/a/index.html (+75ms) 
03:20:56   ├─ /review/b/index.html (+14ms) 
03:20:56   ├─ /review/c/index.html (+12ms) 
03:20:56   ├─ /index.html (+12ms) 
03:20:56 ✓ Completed in 164ms.

03:20:56 [build] ✓ Completed in 1.07s.
03:20:56 [build] 4 page(s) built in 2.14s
03:20:56 [build] Complete!
